<html>
  <head><style>body{font:Helvetica}@media screen{body{font-size:12pt}}body,h1{font-weight:bold}h1:hover{text-decoration:underline}body{color:blue}</style>
    <title>Hello World!</title>
    
    
    <link rel="stylesheet" href="http://example.com/style.css">
  </head>
  <body>
    <h1>Hello World!</h1>
  </body>
</html>
