<!doctype>
<html style="font-family:'Helvetica'">
  <head><style>p:hover{color:blue !important}@media print{h1{font-weight:bolder !important}}</style>
    <title>Hello world</title>
    
  </head>
  <body style="font-family:'Helvetica'">
    <h1 style="font-family:'Helvetica';font-size:64pt">Hello world</h1>
    <p style="font-family:'Helvetica';font-size:14pt">Testing out CSS inlining</p>
    <p style="font-size:9pt;font-family:'Helvetica'">Small print</p>
    <p style="font-family:'Helvetica';font-size:12pt">Same font</p>
    <!--[if mso]> some code <![endif]-->
  </body>
</html>
